[18квіт.2026 18:03:01.613] [main/INFO] [net.neoforged.fml.startup.Entrypoint/]: JVM Uptime at startup: 287ms
[18квіт.2026 18:03:01.640] [main/INFO] [net.neoforged.fml.loading.FMLLoader/]: Starting FancyModLoader version 11.0.12 (CLIENT in DEV)
[18квіт.2026 18:03:01.640] [main/INFO] [net.neoforged.fml.loading.FMLLoader/]: Game directory: C:\Users\1111\Downloads\test_mods\aspengrove-multi-26.1\neoforge\run
[18квіт.2026 18:03:01.748] [main/INFO] [net.neoforged.fml.loading.EarlyServiceDiscovery/]: Found 2 early service jars (out of 110) in 41ms
[18квіт.2026 18:03:01.750] [main/INFO] [net.neoforged.fml.loading.FMLLoader/]: Loading FML Early Services:
[18квіт.2026 18:03:01.751] [main/INFO] [net.neoforged.fml.loading.FMLLoader/]:  - C:/Users/1111/.gradle/caches/modules-2/files-2.1/net.neoforged.fancymodloader/earlydisplay/11.0.12/b817db67b61923f071fa98947f92a054c8598dd1/earlydisplay-11.0.12.jar
[18квіт.2026 18:03:01.752] [main/INFO] [net.neoforged.fml.loading.FMLLoader/]:  - C:/Users/1111/.gradle/caches/modules-2/files-2.1/net.neoforged.fancymodloader/loader/11.0.12/d884bab13450950bcb425dbe29d33e505f7153e1/loader-11.0.12.jar
[18квіт.2026 18:03:01.762] [main/INFO] [net.neoforged.fml.loading.ImmediateWindowHandler/]: Loading ImmediateWindowProvider fmlearlywindow
[18квіт.2026 18:03:02.888] [ForkJoinPool.commonPool-worker-4/INFO] [net.neoforged.fml.loading.moddiscovery.locators.GameLocator/]: Detected a joined NeoForge and Minecraft configuration. Applying filtering...
[18квіт.2026 18:03:03.026] [fml-loadingscreen/INFO] [net.neoforged.fml.earlydisplay.render.LoadingScreenRenderer/]: GL info: AMD Radeon(TM) 610M GL version 3.3.0 Core Profile Context 26.3.1.260303, ATI Technologies Inc.
[18квіт.2026 18:03:03.152] [ForkJoinPool.commonPool-worker-4/INFO] [net.neoforged.fml.loading.moddiscovery.locators.InDevFolderLocator/CORE]: Got mod coordinates aspengrove%%C:\\Users\\1111\\Downloads\\test_mods\\aspengrove-multi-26.1\\neoforge\\build\\classes\\java\\main;aspengrove%%C:\\Users\\1111\\Downloads\\test_mods\\aspengrove-multi-26.1\\neoforge\\build\\resources\\main;aspengrove%%C:\\Users\\1111\\Downloads\\test_mods\\aspengrove-multi-26.1\\common\\build\\classes\\java\\main;aspengrove%%C:\\Users\\1111\\Downloads\\test_mods\\aspengrove-multi-26.1\\common\\build\\resources\\main from env
[18квіт.2026 18:03:03.591] [ForkJoinPool.commonPool-worker-4/INFO] [net.neoforged.fml.loading.moddiscovery.locators.JarInJarDependencyLocator/]: Found 2 dependencies adding them to mods collection
[18квіт.2026 18:03:03.598] [ForkJoinPool.commonPool-worker-4/INFO] [net.neoforged.fml.loading.moddiscovery.ModDiscoverer/]: 
     Mod List:
		Name Version (Mod Id)

		Aspen Grove 2.0.2 (aspengrove)
		Biolith 3.6.0-alpha.6 (biolith)
		Minecraft 26.1.2 (minecraft)
		NBTfied Trees 1.0.1 (nbtfied_trees)
		NeoForge 26.1.2.15-beta (neoforge)
[18квіт.2026 18:03:04.291] [main/INFO] [mixin/]: SpongePowered MIXIN Subsystem Version=0.8.7 Source=file:/C:/Users/1111/.gradle/caches/modules-2/files-2.1/net.fabricmc/sponge-mixin/0.17.1+mixin.0.8.7/1cca8837fa31d8cfbde11a391f108f2bda30bca4/sponge-mixin-0.17.1+mixin.0.8.7.jar Service=FML Env=CLIENT
[18квіт.2026 18:03:04.350] [main/INFO] [net.neoforged.fml.loading.FMLLoader/]: Loading FML Plugins:
[18квіт.2026 18:03:04.352] [main/INFO] [net.neoforged.fml.loading.FMLLoader/]:  - C:/Users/1111/.gradle/caches/modules-2/files-2.1/net.neoforged/neoforge/26.1.2.15-beta/c32eb84a33654f78f3de05ad975c0dee8e7a02f8/neoforge-26.1.2.15-beta-universal.jar > net.neoforged.neoforge-coremods-26.1.2.15-beta.jar
[18квіт.2026 18:03:04.552] [main/INFO] [net.neoforged.fml.loading.FMLLoader/]: Building game content classloader:
 - aspengrove (composite(folder(C:/Users/1111/Downloads/test_mods/aspengrove-multi-26.1/neoforge/build/classes/java/main), folder(C:/Users/1111/Downloads/test_mods/aspengrove-multi-26.1/neoforge/build/resources/main), folder(C:/Users/1111/Downloads/test_mods/aspengrove-multi-26.1/common/build/resources/main)))
 - biolith (jar(C:/Users/1111/.gradle/caches/modules-2/files-2.1/com.terraformersmc/biolith-neoforge/3.6.0-alpha.6/cce171f2987fafe335b4282c29d11a221899b4c4/biolith-neoforge-3.6.0-alpha.6.jar))
 - minecraft (composite(filtered(jar(C:/Users/1111/Downloads/test_mods/aspengrove-multi-26.1/neoforge/build/moddev/artifacts/minecraft-patched-26.1.2.15-beta.jar)), filtered(jar(C:/Users/1111/Downloads/test_mods/aspengrove-multi-26.1/neoforge/build/moddev/artifacts/minecraft-patched-26.1.2.15-beta.jar))))
 - mixinextras.neoforge (jar(C:/Users/1111/.gradle/caches/modules-2/files-2.1/net.neoforged/neoforge/26.1.2.15-beta/c32eb84a33654f78f3de05ad975c0dee8e7a02f8/neoforge-26.1.2.15-beta-universal.jar > mixinextras-neoforge-0.5.4.jar))
 - nbtfied_trees (jar(C:/Users/1111/Downloads/test_mods/aspengrove-multi-26.1/nbtfied_trees/neoforge/build/libs/nbtfied_trees-1.0.1-neoforge.jar))
 - neoforge (composite(filtered(jar(C:/Users/1111/.gradle/caches/modules-2/files-2.1/net.neoforged/neoforge/26.1.2.15-beta/c32eb84a33654f78f3de05ad975c0dee8e7a02f8/neoforge-26.1.2.15-beta-universal.jar))))
 - net.neoforged.fml.generated (empty(VirtualJar/net.neoforged.fml.generated))
[18квіт.2026 18:03:04.586] [main/INFO] [net.neoforged.fml.loading.FMLLoader/]: Built game content classloader in 62ms
[18квіт.2026 18:03:04.719] [main/INFO] [mixin/]: Compatibility level set to JAVA_25
[18квіт.2026 18:03:07.986] [Datafixer Bootstrap/INFO] [com.mojang.datafixers.DataFixerBuilder/]: 294 Datafixer optimizations took 977 milliseconds
[18квіт.2026 18:03:08.131] [pool-10-thread-1/INFO] [MixinExtras|Service/]: Initializing MixinExtras via com.llamalad7.mixinextras.service.MixinExtrasServiceImpl(version=0.5.4).
[18квіт.2026 18:03:17.685] [main/WARN] [net.minecraft.commands.Commands/]: Ambiguity between arguments [teleport, location] and [teleport, destination] with inputs: [0.1 -0.5 .9, 0 0 0]
[18квіт.2026 18:03:17.689] [main/WARN] [net.minecraft.commands.Commands/]: Ambiguity between arguments [teleport, location] and [teleport, targets] with inputs: [0.1 -0.5 .9, 0 0 0]
[18квіт.2026 18:03:17.696] [main/WARN] [net.minecraft.commands.Commands/]: Ambiguity between arguments [teleport, destination] and [teleport, targets] with inputs: [Player, 0123, @e, dd12be42-52a9-4a91-a8a1-11c01849e498]
[18квіт.2026 18:03:17.701] [main/WARN] [net.minecraft.commands.Commands/]: Ambiguity between arguments [teleport, targets] and [teleport, destination] with inputs: [Player, 0123, dd12be42-52a9-4a91-a8a1-11c01849e498]
[18квіт.2026 18:03:17.704] [main/WARN] [net.minecraft.commands.Commands/]: Ambiguity between arguments [teleport, targets, location] and [teleport, targets, destination] with inputs: [0.1 -0.5 .9, 0 0 0]
[18квіт.2026 18:03:17.712] [main/WARN] [net.minecraft.commands.Commands/]: Ambiguity between arguments [time, set, time] and [time, set, timemarker] with inputs: [0, 0s, 0d, 0t]
[18квіт.2026 18:03:17.717] [main/WARN] [net.minecraft.commands.Commands/]: Ambiguity between arguments [time, set, timemarker] and [time, set, time] with inputs: [012]
[18квіт.2026 18:03:17.720] [main/WARN] [net.minecraft.commands.Commands/]: Ambiguity between arguments [time, of, clock, set, time] and [time, of, clock, set, timemarker] with inputs: [0, 0s, 0d, 0t]
[18квіт.2026 18:03:17.724] [main/WARN] [net.minecraft.commands.Commands/]: Ambiguity between arguments [time, of, clock, set, timemarker] and [time, of, clock, set, time] with inputs: [012]
[18квіт.2026 18:03:17.729] [main/WARN] [net.minecraft.commands.Commands/]: Ambiguity between arguments [waypoint, modify, waypoint, color, reset] and [waypoint, modify, waypoint, color, color] with inputs: [reset]
[18квіт.2026 18:03:17.916] [modloading-worker-0/INFO] [net.neoforged.neoforge.common.NeoForgeMod/NEOFORGE-MOD]: NeoForge mod loading, version 26.1.2.15-beta, for MC 26.1.2
[18квіт.2026 18:03:17.959] [modloading-worker-0/INFO] [aspengrove/]: Aspen Grove Tags Initialized!
[18квіт.2026 18:03:17.978] [modloading-worker-0/INFO] [NBTfied Trees/]: Initializing NBTfied Trees
[18квіт.2026 18:03:17.978] [modloading-worker-0/INFO] [NBTfied Trees/]: Initializing 1 NBTfied Trees
[18квіт.2026 18:03:17.979] [modloading-worker-0/INFO] [biolith/]: Biolith for NeoForge is initializing...
[18квіт.2026 18:03:17.983] [modloading-worker-0/INFO] [NBTfied Trees/]: Initialized 1 NBTfied Trees
[18квіт.2026 18:03:17.984] [modloading-worker-0/INFO] [NBTfied Trees/]: Initializing 2 NBTfied Trees
[18квіт.2026 18:03:17.989] [modloading-worker-0/INFO] [NBTfied Trees/]: Initialized 2 NBTfied Trees
[18квіт.2026 18:03:17.990] [modloading-worker-0/INFO] [NBTfied Trees/]: Initializing 3 NBTfied Trees
[18квіт.2026 18:03:17.991] [modloading-worker-0/INFO] [NBTfied Trees/]: Initialized 3 NBTfied Trees
[18квіт.2026 18:03:17.992] [modloading-worker-0/INFO] [NBTfied Trees/]: Initializing 4 NBTfied Trees
[18квіт.2026 18:03:17.995] [modloading-worker-0/INFO] [NBTfied Trees/]: Initialized 4 NBTfied Trees
[18квіт.2026 18:03:17.996] [modloading-worker-0/INFO] [NBTfied Trees/]: Initialized NBTfied Trees
[18квіт.2026 18:03:18.135] [modloading-worker-0/ERROR] [net.neoforged.neoforge.common.OnlyInWarningsHandler/]: The mod aspengrove uses the @OnlyIn annotation; the runtime member-stripping behaviour of this annotation is no longer present, which may lead to issues if that behaviour was relied upon
[18квіт.2026 18:03:18.137] [modloading-worker-0/ERROR] [net.neoforged.neoforge.common.OnlyInWarningsHandler/]: @OnlyIn used on class starman.aspengrove.classes.client.AspenBoatRenderer
[18квіт.2026 18:03:19.708] [Render thread/INFO] [com.mojang.authlib.yggdrasil.YggdrasilAuthenticationService/]: Environment: Environment[sessionHost=https://sessionserver.mojang.com, servicesHost=https://api.minecraftservices.com, profilesHost=https://api.mojang.com, name=PROD]
[18квіт.2026 18:03:19.746] [Render thread/INFO] [net.minecraft.client.Minecraft/]: Setting user: Dev
[18квіт.2026 18:03:19.999] [Render thread/INFO] [net.minecraft.client.Minecraft/]: Backend library: LWJGL version 3.4.1+2
[18квіт.2026 18:03:20.375] [Render thread/INFO] [net.minecraft.client.Minecraft/]: Using optional rendering extensions: GL_ARB_buffer_storage, GL_KHR_debug, GL_ARB_vertex_attrib_binding, GL_ARB_direct_state_access, GL_EXT_texture_filter_anisotropic
[18квіт.2026 18:03:21.774] [Render thread/INFO] [net.minecraft.server.packs.resources.ReloadableResourceManager/]: Reloading ResourceManager: vanilla, mod_resources, mod/aspengrove, mod/nbtfied_trees, mod/biolith, mod/neoforge
[18квіт.2026 18:03:22.076] [Render thread/INFO] [aspengrove/]: Aspen Grove Initialized!
[18квіт.2026 18:03:23.781] [resourceLoad/INFO] [net.minecraft.client.gui.font.providers.UnihexProvider/]: Found unifont_pua-17.0.01.hex, loading
[18квіт.2026 18:03:23.815] [resourceLoad/INFO] [net.minecraft.client.gui.font.providers.UnihexProvider/]: Found unifont_all_no_pua-17.0.01.hex, loading
[18квіт.2026 18:03:24.683] [resourceLoad/INFO] [net.minecraft.client.gui.font.providers.UnihexProvider/]: Found unifont_jp_patch-17.0.01.hex, loading
[18квіт.2026 18:03:30.243] [Render thread/INFO] [com.mojang.blaze3d.audio.Library/]: OpenAL initialized on device OpenAL Soft on Speakers (Realtek(R) Audio)
[18квіт.2026 18:03:30.252] [Render thread/INFO] [net.minecraft.client.sounds.SoundEngine/SOUNDS]: Sound engine started
[18квіт.2026 18:03:30.254] [Render thread/INFO] [net.minecraft.client.renderer.texture.TextureAtlas/]: Created: 512x256x0 minecraft:textures/atlas/particles.png-atlas
[18квіт.2026 18:03:30.276] [Render thread/INFO] [net.minecraft.client.renderer.texture.TextureAtlas/]: Created: 128x128x0 minecraft:textures/atlas/decorated_pot.png-atlas
[18квіт.2026 18:03:30.279] [Render thread/INFO] [net.minecraft.client.renderer.texture.TextureAtlas/]: Created: 2048x1024x0 minecraft:textures/atlas/armor_trims.png-atlas
[18квіт.2026 18:03:30.342] [Render thread/INFO] [net.minecraft.client.renderer.texture.TextureAtlas/]: Created: 512x256x0 minecraft:textures/atlas/paintings.png-atlas
[18квіт.2026 18:03:30.345] [Render thread/INFO] [net.minecraft.client.renderer.texture.TextureAtlas/]: Created: 1024x512x0 minecraft:textures/atlas/shield_patterns.png-atlas
[18квіт.2026 18:03:30.347] [Render thread/INFO] [net.minecraft.client.renderer.texture.TextureAtlas/]: Created: 2048x2048x4 minecraft:textures/atlas/blocks.png-atlas
[18квіт.2026 18:03:30.592] [Render thread/INFO] [net.minecraft.client.renderer.texture.TextureAtlas/]: Created: 512x512x0 minecraft:textures/atlas/chest.png-atlas
[18квіт.2026 18:03:30.594] [Render thread/INFO] [net.minecraft.client.renderer.texture.TextureAtlas/]: Created: 256x128x0 minecraft:textures/atlas/celestials.png-atlas
[18квіт.2026 18:03:30.595] [Render thread/INFO] [net.minecraft.client.renderer.texture.TextureAtlas/]: Created: 1024x512x0 minecraft:textures/atlas/banner_patterns.png-atlas
[18квіт.2026 18:03:30.628] [Render thread/INFO] [net.minecraft.client.renderer.texture.TextureAtlas/]: Created: 512x512x0 minecraft:textures/atlas/beds.png-atlas
[18квіт.2026 18:03:30.636] [Render thread/INFO] [net.minecraft.client.renderer.texture.TextureAtlas/]: Created: 1024x512x0 minecraft:textures/atlas/items.png-atlas
[18квіт.2026 18:03:30.739] [Render thread/INFO] [net.minecraft.client.renderer.texture.TextureAtlas/]: Created: 1024x1024x0 minecraft:textures/atlas/gui.png-atlas
[18квіт.2026 18:03:30.847] [Render thread/INFO] [net.minecraft.client.renderer.texture.TextureAtlas/]: Created: 128x64x0 minecraft:textures/atlas/map_decorations.png-atlas
[18квіт.2026 18:03:30.849] [Render thread/INFO] [net.minecraft.client.renderer.texture.TextureAtlas/]: Created: 512x256x0 minecraft:textures/atlas/signs.png-atlas
[18квіт.2026 18:03:30.851] [Render thread/INFO] [net.minecraft.client.renderer.texture.TextureAtlas/]: Created: 512x512x0 minecraft:textures/atlas/shulker_boxes.png-atlas
[18квіт.2026 18:03:31.221] [Render thread/INFO] [net.neoforged.neoforge.client.entity.animation.json.AnimationLoader/]: Loaded 0 entity animations
[18квіт.2026 18:04:04.882] [Render thread/INFO] [net.minecraft.client.Minecraft/]: Stopping!
