[21:39:31] [main/INFO] (FabricLoader/GameProvider) Loading Minecraft 26.3-rc-1 with Fabric Loader 0.19.5
[21:39:31] [main/INFO] (FabricLoader/Mappings) Mappings not present!
[21:39:31] [main/INFO] (FabricLoader) Loading 51 mods:
	- aspengrove 2.2.0
	- fabric-api 0.160.3+26.3
	- fabric-api-base 2.0.6+fcdff87fa3
	- fabric-api-lookup-api-v1 2.0.24+3434d6d9a3
	- fabric-biome-api-v1 20.0.9+74ed1ea5a3
	- fabric-block-api-v1 3.1.0+0ae6f911a3
	- fabric-block-getter-api-v2 2.0.9+3434d6d9a3
	- fabric-client-gametest-api-v1 6.0.7+4be74c3fa3
	- fabric-command-api-v2 3.1.2+fcdff87fa3
	- fabric-content-registries-v0 15.0.3+74ed1ea5a3
	- fabric-convention-tags-v2 4.10.2+5a4e5fc6a3
	- fabric-crash-report-info-v1 1.0.7+fcdff87fa3
	- fabric-creative-tab-api-v1 5.0.21+fcdff87fa3
	- fabric-data-attachment-api-v1 2.2.30+3434d6d9a3
	- fabric-data-generation-api-v1 27.2.1+6317c5a7a3
	- fabric-debug-api-v1 1.0.4+3434d6d9a3
	- fabric-dimensions-v1 5.1.19+47f74c98a3
	- fabric-entity-events-v1 6.0.4+3434d6d9a3
	- fabric-events-interaction-v0 5.3.6+3434d6d9a3
	- fabric-game-rule-api-v1 4.0.10+3434d6d9a3
	- fabric-gametest-api-v1 4.0.32+3434d6d9a3
	- fabric-item-api-v1 14.6.2+fcdff87fa3
	- fabric-key-mapping-api-v1 2.0.8+3434d6d9a3
	- fabric-lifecycle-events-v1 4.1.9+ffef5f67a3
	- fabric-loot-api-v3 4.0.6+895f85e2a3
	- fabric-menu-api-v1 2.0.26+3434d6d9a3
	- fabric-message-api-v1 7.0.10+3434d6d9a3
	- fabric-model-loading-api-v1 8.0.33+fcdff87fa3
	- fabric-networking-api-v1 6.3.8+fcdff87fa3
	- fabric-object-builder-api-v1 24.1.9+3434d6d9a3
	- fabric-particles-v1 5.0.24+3434d6d9a3
	- fabric-permission-api-v1 1.0.8+fcdff87fa3
	- fabric-recipe-api-v1 10.0.8+fcdff87fa3
	- fabric-registry-sync-v0 8.0.1+fcdff87fa3
	- fabric-renderer-api-v1 17.0.13+2ce735b8a3
	- fabric-renderer-indigo 9.1.20+fcdff87fa3
	- fabric-rendering-fluids-v1 6.0.6+3434d6d9a3
	- fabric-rendering-v1 27.0.13+fdb9bf40a3
	- fabric-resource-conditions-api-v1 6.1.5+3434d6d9a3
	- fabric-resource-loader-v0 3.3.26+4fc5413fa3
	- fabric-resource-loader-v1 3.0.4+fcdff87fa3
	- fabric-screen-api-v1 5.2.3+1087e13ea3
	- fabric-serialization-api-v1 2.0.7+74ed1ea5a3
	- fabric-sound-api-v1 2.0.7+3434d6d9a3
	- fabric-tag-api-v1 2.1.10+fcdff87fa3
	- fabric-transfer-api-v1 8.0.25+fcdff87fa3
	- fabric-transitive-access-wideners-v1 8.1.16+52268a0ea3
	- fabricloader 0.19.5
	- java 25
	- minecraft 26.3-rc.1
	- mixinextras 0.5.5
[21:39:32] [main/INFO] (FabricLoader/Mixin) SpongePowered MIXIN Subsystem Version=0.8.7 Source=file:/C:/Users/1111/.gradle/caches/modules-2/files-2.1/net.fabricmc/sponge-mixin/0.17.4+mixin.0.8.7/5f66cc9f59b8efaa942155a3d5a30599bf6640dd/sponge-mixin-0.17.4+mixin.0.8.7.jar Service=Knot/Fabric Env=CLIENT
[21:39:35] [main/INFO] (FabricLoader/MixinExtras|Service) Initializing MixinExtras via com.llamalad7.mixinextras.service.MixinExtrasServiceImpl(version=0.5.5).
[21:39:38] [Datafixer Bootstrap #0/INFO] (Minecraft) 307 Datafixer optimizations took 721 milliseconds
[21:39:51] [Render thread/INFO] (Minecraft) Environment: Environment[discoveryUrl=https://discovery.minecraftservices.com/minecraft/client, name=PROD]
[21:39:52] [Render thread/INFO] (Minecraft) Setting user: Player570
[21:39:52] [Render thread/INFO] (Minecraft) [STDOUT]: [AspenGrove] Successfully added signs to BlockEntityType.SIGN
[21:39:52] [Render thread/INFO] (Minecraft) [STDOUT]: [AspenGrove] Successfully added hanging signs to BlockEntityType.HANGING_SIGN
[21:39:52] [Render thread/INFO] (Minecraft) [STDOUT]: [AspenGrove] Successfully added shelves to BlockEntityType.SHELF
[21:39:52] [Render thread/INFO] (aspengrove) Aspen Grove Initialized!
[21:39:52] [Render thread/INFO] (Indigo) [Indigo] Registering Indigo renderer!
[21:39:53] [Render thread/INFO] (Minecraft) Backend library: LWJGL version 3.4.3-snapshot
[21:39:53] [Render thread/WARN] (Minecraft) Detected unexpected shutdown during last game startup: resetting fullscreen mode
[21:39:53] [Render thread/INFO] (Minecraft) SDL [SYSTEM]: App name: Minecraft
[21:39:53] [Render thread/INFO] (Minecraft) SDL [SYSTEM]: App version: 26.3 Release Candidate 1
[21:39:53] [Render thread/INFO] (Minecraft) SDL [SYSTEM]: App ID: com.mojang.minecraft
[21:39:53] [Render thread/INFO] (Minecraft) SDL [SYSTEM]: SDL revision: SDL-3.4.14-62f10da
[21:39:53] [Render thread/WARN] (Minecraft) Detected unexpected shutdown during last game startup: forcing preferred graphics API to OpenGL
[21:39:53] [Render thread/INFO] (Minecraft) Using graphics backend OpenGL, using drivers: 3.3.0 Core Profile Context 26.8.1.260806
[21:39:53] [Render thread/INFO] (Minecraft) Using graphics device: AMD Radeon(TM) 610M (ATI Technologies Inc.)
[21:39:53] [Render thread/INFO] (Minecraft) Using graphics device extensions: GL_ARB_multi_draw_indirect, GL_ARB_buffer_storage, GL_ARB_shader_draw_parameters, GL_ARB_base_instance, GL_KHR_debug, GL_ARB_draw_indirect, GL_ARB_clip_control, GL_ARB_vertex_attrib_binding, GL_ARB_direct_state_access, GL_EXT_texture_filter_anisotropic
[21:39:53] [Render thread/INFO] (Minecraft) Created window using SDL video driver: windows
[21:39:54] [Download-2/ERROR] (Minecraft) Failed to fetch user properties
com.mojang.authlib.exceptions.InvalidCredentialsException: Status: 401
	at knot//com.mojang.authlib.exceptions.MinecraftClientHttpException.toAuthenticationException(MinecraftClientHttpException.java:70)
	at knot//com.mojang.authlib.services.MinecraftServicesUserApiService.fetchProperties(MinecraftServicesUserApiService.java:168)
	at knot//net.minecraft.client.Minecraft.lambda$new$1(Minecraft.java:451)
	at java.base/java.util.concurrent.CompletableFuture$AsyncSupply.run(CompletableFuture.java:1789)
	at java.base/java.util.concurrent.ThreadPoolExecutor.runWorker(ThreadPoolExecutor.java:1090)
	at java.base/java.util.concurrent.ThreadPoolExecutor$Worker.run(ThreadPoolExecutor.java:614)
	at java.base/java.lang.Thread.run(Thread.java:1474)
Caused by: MinecraftClientHttpException[type=HTTP_ERROR, status=401, response=ErrorResponse[path=/player/attributes, error=null, errorMessage=null, details=null]]
	at knot//com.mojang.authlib.minecraft.client.MinecraftClient.buildHttpException(MinecraftClient.java:170)
	at knot//com.mojang.authlib.minecraft.client.MinecraftClient.readServiceResponse(MinecraftClient.java:147)
	at knot//com.mojang.authlib.minecraft.client.MinecraftClient.getWithEtag(MinecraftClient.java:81)
	at knot//com.mojang.authlib.minecraft.client.MinecraftClient.get(MinecraftClient.java:65)
	at knot//com.mojang.authlib.services.MinecraftServicesUserApiService.fetchProperties(MinecraftServicesUserApiService.java:118)
	... 5 more
[21:39:55] [Render thread/INFO] (Minecraft) Reloading ResourceManager: vanilla, vanilla, aspengrove, fabric-api, fabric-api-base, fabric-api-lookup-api-v1, fabric-biome-api-v1, fabric-block-api-v1, fabric-block-getter-api-v2, fabric-client-gametest-api-v1, fabric-command-api-v2, fabric-content-registries-v0, fabric-convention-tags-v2, fabric-crash-report-info-v1, fabric-creative-tab-api-v1, fabric-data-attachment-api-v1, fabric-data-generation-api-v1, fabric-debug-api-v1, fabric-dimensions-v1, fabric-entity-events-v1, fabric-events-interaction-v0, fabric-game-rule-api-v1, fabric-gametest-api-v1, fabric-item-api-v1, fabric-key-mapping-api-v1, fabric-lifecycle-events-v1, fabric-loot-api-v3, fabric-menu-api-v1, fabric-message-api-v1, fabric-model-loading-api-v1, fabric-networking-api-v1, fabric-object-builder-api-v1, fabric-particles-v1, fabric-permission-api-v1, fabric-recipe-api-v1, fabric-registry-sync-v0, fabric-renderer-api-v1, fabric-renderer-indigo, fabric-rendering-fluids-v1, fabric-rendering-v1, fabric-resource-conditions-api-v1, fabric-resource-loader-v0, fabric-resource-loader-v1, fabric-screen-api-v1, fabric-serialization-api-v1, fabric-sound-api-v1, fabric-tag-api-v1, fabric-transfer-api-v1, fabric-transitive-access-wideners-v1, fabricloader
[21:39:56] [Download-1/INFO] (Minecraft) Could not authorize you against Realms server: java.lang.RuntimeException: Failed to parse into SignedJWT: FabricMC
[21:39:56] [Download-1/ERROR] (Minecraft) Failed to fetch Realms feature flags
com.mojang.realmsclient.exception.RealmsServiceException: Realms authentication error with message 'java.lang.RuntimeException: Failed to parse into SignedJWT: FabricMC'
	at knot//com.mojang.realmsclient.client.RealmsClient.execute(RealmsClient.java:625)
	at knot//com.mojang.realmsclient.client.RealmsClient.fetchFeatureFlags(RealmsClient.java:204)
	at java.base/java.util.concurrent.CompletableFuture$AsyncSupply.run(CompletableFuture.java:1789)
	at java.base/java.util.concurrent.ThreadPoolExecutor.runWorker(ThreadPoolExecutor.java:1090)
	at java.base/java.util.concurrent.ThreadPoolExecutor$Worker.run(ThreadPoolExecutor.java:614)
	at java.base/java.lang.Thread.run(Thread.java:1474)
[21:39:56] [Worker-Main-5/INFO] (Minecraft) Found unifont_all_no_pua-17.0.01.hex, loading
[21:39:56] [Worker-Main-7/INFO] (Minecraft) Found unifont_pua-17.0.01.hex, loading
[21:39:56] [Worker-Main-5/INFO] (Minecraft) Found unifont_jp_patch-17.0.01.hex, loading
[21:39:58] [Render thread/INFO] (Minecraft) OpenAL initialized on device OpenAL Soft on Speakers (Realtek(R) Audio)
[21:39:58] [Render thread/INFO] (Minecraft) Sound engine started
[21:39:58] [Render thread/INFO] (Minecraft) Created: 512x256x0 minecraft:textures/atlas/particles.png-atlas
[21:39:58] [Render thread/INFO] (Minecraft) Created: 256x128x0 minecraft:textures/atlas/celestials.png-atlas
[21:39:58] [Render thread/INFO] (Minecraft) Created: 128x128x0 minecraft:textures/atlas/decorated_pot.png-atlas
[21:39:58] [Render thread/INFO] (Minecraft) Created: 512x256x0 minecraft:textures/atlas/paintings.png-atlas
[21:39:58] [Render thread/INFO] (Minecraft) Created: 1024x512x0 minecraft:textures/atlas/shield_patterns.png-atlas
[21:39:58] [Render thread/INFO] (Minecraft) Created: 1024x512x0 minecraft:textures/atlas/banner_patterns.png-atlas
[21:39:58] [Render thread/INFO] (Minecraft) Created: 1024x512x0 minecraft:textures/atlas/blocks.png-atlas
[21:39:59] [Render thread/INFO] (Minecraft) Created: 1024x512x0 minecraft:textures/atlas/items.png-atlas
[21:39:59] [Render thread/INFO] (Minecraft) Created: 1024x1024x0 minecraft:textures/atlas/gui.png-atlas
[21:39:59] [Render thread/INFO] (Minecraft) Created: 128x64x0 minecraft:textures/atlas/map_decorations.png-atlas
[21:39:59] [Render thread/INFO] (Minecraft) Created: 512x512x0 minecraft:textures/atlas/chest.png-atlas
[21:39:59] [Render thread/INFO] (Minecraft) Created: 512x512x0 minecraft:textures/atlas/shulker_boxes.png-atlas
[21:40:00] [Download-1/INFO] (Minecraft) Could not authorize you against Realms server: java.lang.RuntimeException: Failed to parse into SignedJWT: FabricMC
[21:40:00] [Download-1/ERROR] (Minecraft) Couldn't connect to realms
com.mojang.realmsclient.exception.RealmsServiceException: Realms authentication error with message 'java.lang.RuntimeException: Failed to parse into SignedJWT: FabricMC'
	at knot//com.mojang.realmsclient.client.RealmsClient.execute(RealmsClient.java:625)
	at knot//com.mojang.realmsclient.client.RealmsClient.clientCompatible(RealmsClient.java:354)
	at knot//com.mojang.realmsclient.RealmsAvailability.lambda$check$0(RealmsAvailability.java:48)
	at java.base/java.util.concurrent.CompletableFuture$AsyncSupply.run(CompletableFuture.java:1789)
	at java.base/java.util.concurrent.ThreadPoolExecutor.runWorker(ThreadPoolExecutor.java:1090)
	at java.base/java.util.concurrent.ThreadPoolExecutor$Worker.run(ThreadPoolExecutor.java:614)
	at java.base/java.lang.Thread.run(Thread.java:1474)
[21:40:18] [Worker-Main-6/INFO] (Minecraft) Loaded 1905 advancements
[21:40:18] [Render thread/INFO] (BiomeModificationImpl) Applied 0 biome modifications to 0 of 68 new biomes in 1.655 ms
[21:40:18] [Server thread/INFO] (Minecraft) Starting integrated minecraft server version 26.3 Release Candidate 1
[21:40:18] [Server thread/INFO] (Minecraft) Generating keypair
[21:40:19] [Server thread/INFO] (Minecraft) Loading 0 persistent chunks...
[21:40:19] [Server thread/INFO] (Minecraft) Підготовка области відродження: 16%
[21:40:19] [Server thread/INFO] (Minecraft) Saving chunks for level 'ServerLevel[Новий світ]'/minecraft:overworld
[21:40:19] [Server thread/INFO] (Minecraft) Saving chunks for level 'ServerLevel[Новий світ]'/minecraft:the_nether
[21:40:19] [Server thread/INFO] (Minecraft) Saving chunks for level 'ServerLevel[Новий світ]'/minecraft:the_end
[21:40:21] [Server thread/INFO] (Minecraft) Loading 49 chunks for player spawn...
[21:40:21] [Server thread/INFO] (Minecraft) Підготовка области відродження: 16%
[21:40:21] [Server thread/INFO] (Minecraft) Підготовка области відродження: 16%
[21:40:21] [Server thread/INFO] (Minecraft) Підготовка области відродження: 16%
[21:40:21] [Server thread/INFO] (Minecraft) Підготовка области відродження: 16%
[21:40:22] [Server thread/INFO] (Minecraft) Time elapsed: 2500 ms
[21:40:22] [Server thread/WARN] (Minecraft) UUID of added entity already exists: Bee['Бджола'/9, l='ServerLevel[Новий світ]', x=-182.63, y=82.87, z=-810.32]
[21:40:22] [Server thread/INFO] (Minecraft) Player570[local:E:4ba6de97] logged in with entity id 16 at (-168.69999998807907, 82.0, -812.1257792599938)
[21:40:22] [Server thread/INFO] (Minecraft) System chat: Player570 приєднався до гри
[21:40:22] [Render thread/INFO] (Minecraft) Loaded 14 advancements
[21:40:22] [Server thread/INFO] (Minecraft) Changing view distance to 7, from 10
[21:40:22] [Server thread/INFO] (Minecraft) Changing simulation distance to 5, from 0
[21:40:22] [Render thread/WARN] (Minecraft) Requested post effect does not exist: minecraft:end_of_frame
[21:40:23] [Render thread/INFO] (Minecraft) Resizing Dynamic Transforms UBO, capacity limit of 2 reached during a single frame. New capacity will be 4.
[21:40:23] [Render thread/INFO] (Minecraft) Resizing Dynamic Transforms UBO, capacity limit of 4 reached during a single frame. New capacity will be 8.
[21:40:23] [Server thread/WARN] (Minecraft) UUID of added entity already exists: Bee['Бджола'/35, l='ServerLevel[Новий світ]', x=-205.57, y=70.17, z=-880.03]
[21:40:23] [Render thread/INFO] (Minecraft) Resizing Dynamic Transforms UBO, capacity limit of 8 reached during a single frame. New capacity will be 16.
[21:40:24] [Render thread/INFO] (Minecraft) Resizing Chunk Sections Command Buffer, capacity limit of 2 reached during a single frame. New capacity will be 8.
[21:40:24] [Render thread/INFO] (Minecraft) Resizing Chunk Sections Instanced, capacity limit of 2 reached during a single frame. New capacity will be 8.
[21:40:24] [Render thread/INFO] (Minecraft) Resizing Chunk Sections Command Buffer, capacity limit of 8 reached during a single frame. New capacity will be 32.
[21:40:24] [Render thread/INFO] (Minecraft) Resizing Chunk Sections Instanced, capacity limit of 8 reached during a single frame. New capacity will be 32.
[21:40:24] [Server thread/WARN] (Minecraft) UUID of added entity already exists: Bee['Бджола'/69, l='ServerLevel[Новий світ]', x=-195.38, y=85.95, z=-897.54]
[21:40:24] [Render thread/INFO] (Minecraft) Resizing Chunk Sections Command Buffer, capacity limit of 32 reached during a single frame. New capacity will be 64.
[21:40:24] [Server thread/INFO] (Minecraft) Saving and pausing game...
[21:40:24] [Render thread/INFO] (Minecraft) Resizing Chunk Sections Command Buffer, capacity limit of 64 reached during a single frame. New capacity will be 128.
[21:40:24] [Render thread/INFO] (Minecraft) Resizing Chunk Sections Instanced, capacity limit of 32 reached during a single frame. New capacity will be 64.
[21:40:24] [Server thread/INFO] (Minecraft) Saving chunks for level 'ServerLevel[Новий світ]'/minecraft:overworld
[21:40:24] [Server thread/INFO] (Minecraft) Saving chunks for level 'ServerLevel[Новий світ]'/minecraft:the_nether
[21:40:24] [Server thread/INFO] (Minecraft) Saving chunks for level 'ServerLevel[Новий світ]'/minecraft:the_end
[21:40:24] [Render thread/INFO] (Minecraft) Resizing Chunk Sections Command Buffer, capacity limit of 128 reached during a single frame. New capacity will be 256.
[21:40:24] [Render thread/INFO] (Minecraft) Resizing Chunk Sections Instanced, capacity limit of 64 reached during a single frame. New capacity will be 128.
[21:42:10] [Render thread/INFO] (Minecraft) Resizing Chunk Sections Command Buffer, capacity limit of 256 reached during a single frame. New capacity will be 512.
[21:42:10] [Render thread/INFO] (Minecraft) Resizing Chunk Sections Instanced, capacity limit of 128 reached during a single frame. New capacity will be 256.
[21:42:11] [Server thread/INFO] (Minecraft) Saving and pausing game...
[21:42:11] [Server thread/INFO] (Minecraft) Saving chunks for level 'ServerLevel[Новий світ]'/minecraft:overworld
[21:42:11] [Server thread/INFO] (Minecraft) Saving chunks for level 'ServerLevel[Новий світ]'/minecraft:the_nether
[21:42:11] [Server thread/INFO] (Minecraft) Saving chunks for level 'ServerLevel[Новий світ]'/minecraft:the_end
[21:42:12] [Server thread/INFO] (Minecraft) Player570 lost connection: Від’єднано
[21:42:12] [Server thread/INFO] (Minecraft) System chat: Player570 покинув гру
[21:42:12] [Server thread/INFO] (Minecraft) Stopping singleplayer server as player logged out
[21:42:12] [Server thread/INFO] (Minecraft) Stopping server
[21:42:12] [Server thread/INFO] (Minecraft) Saving players
[21:42:12] [Server thread/INFO] (Minecraft) Saving worlds
[21:42:12] [Server thread/INFO] (Minecraft) Saving chunks for level 'ServerLevel[Новий світ]'/minecraft:overworld
[21:42:12] [Server thread/INFO] (Minecraft) Saving chunks for level 'ServerLevel[Новий світ]'/minecraft:the_nether
[21:42:12] [Server thread/INFO] (Minecraft) Saving chunks for level 'ServerLevel[Новий світ]'/minecraft:the_end
[21:42:14] [Render thread/INFO] (Minecraft) Stopping!
